/home/runner/work/OmelyApp/OmelyApp/src/main/java/com/syqu/shop/service/impl/UserServiceImpl.java
/home/runner/work/OmelyApp/OmelyApp/src/main/java/com/syqu/shop/config/WebSecurityConfig.java
/home/runner/work/OmelyApp/OmelyApp/src/main/java/com/syqu/shop/repository/CartItemRepository.java
/home/runner/work/OmelyApp/OmelyApp/src/main/java/com/syqu/shop/Application.java
/home/runner/work/OmelyApp/OmelyApp/src/main/java/com/syqu/shop/controller/ContactController.java
/home/runner/work/OmelyApp/OmelyApp/src/main/java/com/syqu/shop/service/ShoppingCartService.java
/home/runner/work/OmelyApp/OmelyApp/src/main/java/com/syqu/shop/service/CartService.java
/home/runner/work/OmelyApp/OmelyApp/src/main/java/com/syqu/shop/repository/ContactMessageRepository.java
/home/runner/work/OmelyApp/OmelyApp/src/main/java/com/syqu/shop/validator/ProductValidator.java
/home/runner/work/OmelyApp/OmelyApp/src/main/java/com/syqu/shop/controller/ProductController.java
/home/runner/work/OmelyApp/OmelyApp/src/main/java/com/syqu/shop/service/impl/CartServiceImpl.java
/home/runner/work/OmelyApp/OmelyApp/src/main/java/com/syqu/shop/controller/RegisterController.java
/home/runner/work/OmelyApp/OmelyApp/src/main/java/com/syqu/shop/domain/Product.java
/home/runner/work/OmelyApp/OmelyApp/src/main/java/com/syqu/shop/controller/CartController.java
/home/runner/work/OmelyApp/OmelyApp/src/main/java/com/syqu/shop/controller/UserController.java
/home/runner/work/OmelyApp/OmelyApp/src/main/java/com/syqu/shop/domain/Category.java
/home/runner/work/OmelyApp/OmelyApp/src/main/java/com/syqu/shop/domain/User.java
/home/runner/work/OmelyApp/OmelyApp/src/main/java/com/syqu/shop/repository/CategoryRepository.java
/home/runner/work/OmelyApp/OmelyApp/src/main/java/com/syqu/shop/service/impl/ProductServiceImpl.java
/home/runner/work/OmelyApp/OmelyApp/src/main/java/com/syqu/shop/StartupData.java
/home/runner/work/OmelyApp/OmelyApp/src/main/java/com/syqu/shop/domain/ContactMessage.java
/home/runner/work/OmelyApp/OmelyApp/src/main/java/com/syqu/shop/repository/UserRepository.java
/home/runner/work/OmelyApp/OmelyApp/src/main/java/com/syqu/shop/controller/HomeController.java
/home/runner/work/OmelyApp/OmelyApp/src/main/java/com/syqu/shop/service/impl/UserDetailsServiceImpl.java
/home/runner/work/OmelyApp/OmelyApp/src/main/java/com/syqu/shop/service/impl/CategoryServiceImpl.java
/home/runner/work/OmelyApp/OmelyApp/src/main/java/com/syqu/shop/service/CategoryService.java
/home/runner/work/OmelyApp/OmelyApp/src/main/java/com/syqu/shop/service/UserService.java
/home/runner/work/OmelyApp/OmelyApp/src/main/java/com/syqu/shop/service/impl/ShoppingCartServiceImpl.java
/home/runner/work/OmelyApp/OmelyApp/src/main/java/com/syqu/shop/service/ProductService.java
/home/runner/work/OmelyApp/OmelyApp/src/main/java/com/syqu/shop/validator/UserValidator.java
/home/runner/work/OmelyApp/OmelyApp/src/main/java/com/syqu/shop/service/EmailService.java
/home/runner/work/OmelyApp/OmelyApp/src/main/java/com/syqu/shop/domain/CartItem.java
/home/runner/work/OmelyApp/OmelyApp/src/main/java/com/syqu/shop/repository/ProductRepository.java
/home/runner/work/OmelyApp/OmelyApp/src/main/java/com/syqu/shop/controller/LoginController.java
/home/runner/work/OmelyApp/OmelyApp/src/main/java/com/syqu/shop/config/WebMvcConfig.java
